
Michal@DESKTOP-F2NUORL MINGW64 ~/Desktop/My_documents/git/MyFirstNovel (master)
$ git status
On branch master

No commits yet

nothing to commit (create/copy files and use "git add" to track)

Michal@DESKTOP-F2NUORL MINGW64 ~/Desktop/My_documents/git/MyFirstNovel (master)
$ git status
On branch master

No commits yet

nothing to commit (create/copy files and use "git add" to track)

Michal@DESKTOP-F2NUORL MINGW64 ~/Desktop/My_documents/git/MyFirstNovel (master)
$ touch outline.txt

Michal@DESKTOP-F2NUORL MINGW64 ~/Desktop/My_documents/git/MyFirstNovel (master)
$ ls
outline.txt

Michal@DESKTOP-F2NUORL MINGW64 ~/Desktop/My_documents/git/MyFirstNovel (master)
$ git status
On branch master

No commits yet

Untracked files:
  (use "git add <file>..." to include in what will be committed)
        outline.txt

nothing added to commit but untracked files present (use "git add" to track)

Michal@DESKTOP-F2NUORL MINGW64 ~/Desktop/My_documents/git/MyFirstNovel (master)
$ git status
On branch master

No commits yet

Untracked files:
  (use "git add <file>..." to include in what will be committed)
        characters.txt
        outline.txt

nothing added to commit but untracked files present (use "git add" to track)

Michal@DESKTOP-F2NUORL MINGW64 ~/Desktop/My_documents/git/MyFirstNovel (master)
$ git add characters.txt

Michal@DESKTOP-F2NUORL MINGW64 ~/Desktop/My_documents/git/MyFirstNovel (master)
$ git status
On branch master

No commits yet

Changes to be committed:
  (use "git rm --cached <file>..." to unstage)
        new file:   characters.txt

Untracked files:
  (use "git add <file>..." to include in what will be committed)
        outline.txt


Michal@DESKTOP-F2NUORL MINGW64 ~/Desktop/My_documents/git/MyFirstNovel (master)
$ git add outline.txt

Michal@DESKTOP-F2NUORL MINGW64 ~/Desktop/My_documents/git/MyFirstNovel (master)
$ git status
On branch master

No commits yet

Changes to be committed:
  (use "git rm --cached <file>..." to unstage)
        new file:   characters.txt
        new file:   outline.txt


Michal@DESKTOP-F2NUORL MINGW64 ~/Desktop/My_documents/git/MyFirstNovel (master)
$
