
Michal@DESKTOP-F2NUORL MINGW64 ~/Desktop/My_documents/git/Practise_repo
$ mkdir Shopping

Michal@DESKTOP-F2NUORL MINGW64 ~/Desktop/My_documents/git/Practise_repo
$ cd Shopping/

Michal@DESKTOP-F2NUORL MINGW64 ~/Desktop/My_documents/git/Practise_repo/Shopping
$ git status
fatal: not a git repository (or any of the parent directories): .git

Michal@DESKTOP-F2NUORL MINGW64 ~/Desktop/My_documents/git/Practise_repo/Shopping
$ git init
Initialized empty Git repository in C:/Users/Michal/Desktop/My_documents/git/Practise_repo/Shopping/.git/

Michal@DESKTOP-F2NUORL MINGW64 ~/Desktop/My_documents/git/Practise_repo/Shopping (master)
$ git status
On branch master

No commits yet

nothing to commit (create/copy files and use "git add" to track)

Michal@DESKTOP-F2NUORL MINGW64 ~/Desktop/My_documents/git/Practise_repo/Shopping (master)
$ touch yard.txt

Michal@DESKTOP-F2NUORL MINGW64 ~/Desktop/My_documents/git/Practise_repo/Shopping (master)
$ ls
yard.txt

Michal@DESKTOP-F2NUORL MINGW64 ~/Desktop/My_documents/git/Practise_repo/Shopping (master)
$ touch groceries.txt

Michal@DESKTOP-F2NUORL MINGW64 ~/Desktop/My_documents/git/Practise_repo/Shopping (master)
$ git status
On branch master

No commits yet

Untracked files:
  (use "git add <file>..." to include in what will be committed)
        groceries.txt
        yard.txt

nothing added to commit but untracked files present (use "git add" to track)

Michal@DESKTOP-F2NUORL MINGW64 ~/Desktop/My_documents/git/Practise_repo/Shopping (master)
$ git add .

Michal@DESKTOP-F2NUORL MINGW64 ~/Desktop/My_documents/git/Practise_repo/Shopping (master)
$ git commit -m "create yard and groceries lists"
[master (root-commit) 0c74304] create yard and groceries lists
 2 files changed, 0 insertions(+), 0 deletions(-)
 create mode 100644 groceries.txt
 create mode 100644 yard.txt

Michal@DESKTOP-F2NUORL MINGW64 ~/Desktop/My_documents/git/Practise_repo/Shopping (master)
$ git status
On branch master
nothing to commit, working tree clean

Michal@DESKTOP-F2NUORL MINGW64 ~/Desktop/My_documents/git/Practise_repo/Shopping (master)
$ git status
On branch master
Changes not staged for commit:
  (use "git add <file>..." to update what will be committed)
  (use "git restore <file>..." to discard changes in working directory)
        modified:   groceries.txt
        modified:   yard.txt

no changes added to commit (use "git add" and/or "git commit -a")

Michal@DESKTOP-F2NUORL MINGW64 ~/Desktop/My_documents/git/Practise_repo/Shopping (master)
$ git add groceries.txt

Michal@DESKTOP-F2NUORL MINGW64 ~/Desktop/My_documents/git/Practise_repo/Shopping (master)
$ git status
On branch master
Changes to be committed:
  (use "git restore --staged <file>..." to unstage)
        modified:   groceries.txt

Changes not staged for commit:
  (use "git add <file>..." to update what will be committed)
  (use "git restore <file>..." to discard changes in working directory)
        modified:   yard.txt


Michal@DESKTOP-F2NUORL MINGW64 ~/Desktop/My_documents/git/Practise_repo/Shopping (master)
$ git commit -m "add ingredients for tomato soup"
[master a5b40f0] add ingredients for tomato soup
 1 file changed, 3 insertions(+)

Michal@DESKTOP-F2NUORL MINGW64 ~/Desktop/My_documents/git/Practise_repo/Shopping (master)
$ git status
On branch master
Changes not staged for commit:
  (use "git add <file>..." to update what will be committed)
  (use "git restore <file>..." to discard changes in working directory)
        modified:   yard.txt

no changes added to commit (use "git add" and/or "git commit -a")

Michal@DESKTOP-F2NUORL MINGW64 ~/Desktop/My_documents/git/Practise_repo/Shopping (master)
$ git add yard.txt

Michal@DESKTOP-F2NUORL MINGW64 ~/Desktop/My_documents/git/Practise_repo/Shopping (master)
$ git status
On branch master
Changes to be committed:
  (use "git restore --staged <file>..." to unstage)
        modified:   yard.txt


Michal@DESKTOP-F2NUORL MINGW64 ~/Desktop/My_documents/git/Practise_repo/Shopping (master)
$ git commit -m add items needed for garden box"
>
> git status
>
> ^C

Michal@DESKTOP-F2NUORL MINGW64 ~/Desktop/My_documents/git/Practise_repo/Shopping (master)
$

Michal@DESKTOP-F2NUORL MINGW64 ~/Desktop/My_documents/git/Practise_repo/Shopping (master)
$ git status
On branch master
Changes to be committed:
  (use "git restore --staged <file>..." to unstage)
        modified:   yard.txt


Michal@DESKTOP-F2NUORL MINGW64 ~/Desktop/My_documents/git/Practise_repo/Shopping (master)
$ git commit -m "add items needed for garden box"
[master d9af375] add items needed for garden box
 1 file changed, 2 insertions(+)

Michal@DESKTOP-F2NUORL MINGW64 ~/Desktop/My_documents/git/Practise_repo/Shopping (master)
$ git status
On branch master
nothing to commit, working tree clean

Michal@DESKTOP-F2NUORL MINGW64 ~/Desktop/My_documents/git/Practise_repo/Shopping (master)
$ git status
On branch master
Changes not staged for commit:
  (use "git add <file>..." to update what will be committed)
  (use "git restore <file>..." to discard changes in working directory)
        modified:   groceries.txt
        modified:   yard.txt

no changes added to commit (use "git add" and/or "git commit -a")

Michal@DESKTOP-F2NUORL MINGW64 ~/Desktop/My_documents/git/Practise_repo/Shopping (master)
$ git add .

Michal@DESKTOP-F2NUORL MINGW64 ~/Desktop/My_documents/git/Practise_repo/Shopping (master)
$ git status
On branch master
Changes to be committed:
  (use "git restore --staged <file>..." to unstage)
        modified:   groceries.txt
        modified:   yard.txt


Michal@DESKTOP-F2NUORL MINGW64 ~/Desktop/My_documents/git/Practise_repo/Shopping (master)
$ git commit -m "add items needed to grow potatoes"
[master 9b78562] add items needed to grow potatoes
 2 files changed, 3 insertions(+), 2 deletions(-)

Michal@DESKTOP-F2NUORL MINGW64 ~/Desktop/My_documents/git/Practise_repo/Shopping (master)
$ git status
On branch master
nothing to commit, working tree clean

Michal@DESKTOP-F2NUORL MINGW64 ~/Desktop/My_documents/git/Practise_repo/Shopping (master)
$ git log
commit 9b78562b69aed553267aa15f1d6e8cc623b74e1d (HEAD -> master)
Author: Michal Lerman <grantes208@gmail.com>
Date:   Sun Nov 27 12:34:45 2022 +0100

    add items needed to grow potatoes

commit d9af375e1f3c42c73b0eb926340dea730009c018
Author: Michal Lerman <grantes208@gmail.com>
Date:   Sun Nov 27 12:33:25 2022 +0100

    add items needed for garden box

commit a5b40f0186d3a1720c6a9e06682c57be79f12f2a
Author: Michal Lerman <grantes208@gmail.com>
Date:   Sun Nov 27 12:31:29 2022 +0100

    add ingredients for tomato soup

commit 0c74304c111af669c20789388fe9becbbd037f10
Author: Michal Lerman <grantes208@gmail.com>
Date:   Sun Nov 27 12:28:57 2022 +0100

    create yard and groceries lists

Michal@DESKTOP-F2NUORL MINGW64 ~/Desktop/My_documents/git/Practise_repo/Shopping (master)
$
