
Michal@DESKTOP-F2NUORL MINGW64 ~/Desktop/My_documents/git/Practise_repo/StashCommand
$ git status
fatal: not a git repository (or any of the parent directories): .git

Michal@DESKTOP-F2NUORL MINGW64 ~/Desktop/My_documents/git/Practise_repo/StashCommand
$ mkdir StashExercise

Michal@DESKTOP-F2NUORL MINGW64 ~/Desktop/My_documents/git/Practise_repo/StashCommand
$ ls
StashExercise/

Michal@DESKTOP-F2NUORL MINGW64 ~/Desktop/My_documents/git/Practise_repo/StashCommand
$ cd StashExercise/

Michal@DESKTOP-F2NUORL MINGW64 ~/Desktop/My_documents/git/Practise_repo/StashCommand/StashExercise
$ git status
fatal: not a git repository (or any of the parent directories): .git

Michal@DESKTOP-F2NUORL MINGW64 ~/Desktop/My_documents/git/Practise_repo/StashCommand/StashExercise
$ git init
Initialized empty Git repository in C:/Users/Michal/Desktop/My_documents/git/Practise_repo/StashCommand/StashExercise/.git/

Michal@DESKTOP-F2NUORL MINGW64 ~/Desktop/My_documents/git/Practise_repo/StashCommand/StashExercise (master)
$ git status
On branch master

No commits yet

nothing to commit (create/copy files and use "git add" to track)

Michal@DESKTOP-F2NUORL MINGW64 ~/Desktop/My_documents/git/Practise_repo/StashCommand/StashExercise (master)
$ touch diary.txt

Michal@DESKTOP-F2NUORL MINGW64 ~/Desktop/My_documents/git/Practise_repo/StashCommand/StashExercise (master)
$ git add .

Michal@DESKTOP-F2NUORL MINGW64 ~/Desktop/My_documents/git/Practise_repo/StashCommand/StashExercise (master)
$ git commit -m "add diary file"
[master (root-commit) 19595d6] add diary file
 1 file changed, 1 insertion(+)
 create mode 100644 diary.txt

Michal@DESKTOP-F2NUORL MINGW64 ~/Desktop/My_documents/git/Practise_repo/StashCommand/StashExercise (master)
$ git status
On branch master
nothing to commit, working tree clean

Michal@DESKTOP-F2NUORL MINGW64 ~/Desktop/My_documents/git/Practise_repo/StashCommand/StashExercise (master)
$ git switch -c the-truth
Switched to a new branch 'the-truth'

Michal@DESKTOP-F2NUORL MINGW64 ~/Desktop/My_documents/git/Practise_repo/StashCommand/StashExercise (the-truth)
$ git switch master
Switched to branch 'master'
M       diary.txt

Michal@DESKTOP-F2NUORL MINGW64 ~/Desktop/My_documents/git/Practise_repo/StashCommand/StashExercise (master)
$ git stash
Saved working directory and index state WIP on master: 19595d6 add diary file

Michal@DESKTOP-F2NUORL MINGW64 ~/Desktop/My_documents/git/Practise_repo/StashCommand/StashExercise (master)
$ git commit -am "add more love messeges"
[master 5ad3179] add more love messeges
 1 file changed, 2 insertions(+)

Michal@DESKTOP-F2NUORL MINGW64 ~/Desktop/My_documents/git/Practise_repo/StashCommand/StashExercise (master)
$ git status
On branch master
nothing to commit, working tree clean

Michal@DESKTOP-F2NUORL MINGW64 ~/Desktop/My_documents/git/Practise_repo/StashCommand/StashExercise (master)
$ git switch the-truth
Switched to branch 'the-truth'

Michal@DESKTOP-F2NUORL MINGW64 ~/Desktop/My_documents/git/Practise_repo/StashCommand/StashExercise (the-truth)
$ git stash pop
On branch the-truth
Changes not staged for commit:
  (use "git add <file>..." to update what will be committed)
  (use "git restore <file>..." to discard changes in working directory)
        modified:   diary.txt

no changes added to commit (use "git add" and/or "git commit -a")
Dropped refs/stash@{0} (9a9f4cb4438f106ff24c84c50140476eb84f5b77)

Michal@DESKTOP-F2NUORL MINGW64 ~/Desktop/My_documents/git/Practise_repo/StashCommand/StashExercise (the-truth)
$ git commit -am "add the truth messeges"
[the-truth 4f15b7a] add the truth messeges
 1 file changed, 5 insertions(+), 1 deletion(-)

Michal@DESKTOP-F2NUORL MINGW64 ~/Desktop/My_documents/git/Practise_repo/StashCommand/StashExercise (the-truth)
$ git status
On branch the-truth
nothing to commit, working tree clean

Michal@DESKTOP-F2NUORL MINGW64 ~/Desktop/My_documents/git/Practise_repo/StashCommand/StashExercise (the-truth)
$
